<html>
<body>
<pre>
<h1>µVision Build Log</h1>
<h2>Tool Versions:</h2>
IDE-Version: ¦ÌVision V5.14.0.0
Copyright (C) 2015 ARM Ltd and ARM Germany GmbH. All rights reserved.
License Information: afkajfj fsafsaf, fsafsafsaf, LIC=1WSLQ-NR64Q-ZE7H2-98FJF-L52IU-U4T4T
 
Tool Versions:
Toolchain:       MDK-ARM Professional  Version: 5.14.0.0
Toolchain Path:  E:\minyu\software\MDK5\ARM\ARMCC\Bin
C Compiler:      Armcc.exe V5.05 update 1 (build 106)
Assembler:       Armasm.exe V5.05 update 1 (build 106)
Linker/Locator:  ArmLink.exe V5.05 update 1 (build 106)
Library Manager: ArmAr.exe V5.05 update 1 (build 106)
Hex Converter:   FromElf.exe V5.05 update 1 (build 106)
CPU DLL:         SARMCM3.DLL V5.14.0.0
Dialog DLL:      DCM.DLL V1.13.1.0
Target DLL:      UL2CM3.DLL V1.155.0.0
Dialog DLL:      TCM.DLL V1.14.4.0
 
<h2>Project:</h2>
E:\minyu\github_repositories\temperature_control_system\base_on_STM32\materials_of_studying_STM32\GPIO_sample\Template\USER\Template.uvprojx
Project File Date:  03/20/2019

<h2>Output:</h2>
Build target 'Template'
compiling main.c...
..\HARDWARE\LED\led.h(7): warning:  #1-D: last line of file ends without a newline
  #endif
main.c(22): warning:  #1-D: last line of file ends without a newline
  }
main.c: 2 warnings, 0 errors
linking...
Program Size: Code=1568 RO-data=336 RW-data=32 ZI-data=1832  
FromELF: creating hex file...
"..\OBJ\Template.axf" - 0 Error(s), 2 Warning(s).

<h2>Collection of Component include folders:</h2>
  E:\minyu\github_repositories\temperature_control_system\base_on_STM32\materials_of_studying_STM32\GPIO_sample\Template\USER\RTE
  E:\minyu\software\MDK5\ARM\PACK\Keil\STM32F1xx_DFP\1.0.5\Device\Include

<h2>Collection of Component Files used:</h2>
</pre>
</body>
</html>
